

================================================================
== Vivado HLS Report for 'decimate_strm'
================================================================
* Date:           Sun Dec 24 20:03:13 2017

* Version:        2016.4 (Build 1733598 on Wed Dec 14 22:59:20 MST 2016)
* Project:        proj_hls_stream
* Solution:       solution1
* Product family: kintex7
* Target device:  xc7k160tfbg484-1


================================================================
== Performance Estimates
================================================================
+ Timing (ns): 
    * Summary: 
    +--------+-------+----------+------------+
    |  Clock | Target| Estimated| Uncertainty|
    +--------+-------+----------+------------+
    |ap_clk  |   5.00|      3.76|        0.62|
    +--------+-------+----------+------------+

+ Latency (clock cycles): 
    * Summary: 
    +-----+-----+-----+-----+---------+
    |  Latency  |  Interval | Pipeline|
    | min | max | min | max |   Type  |
    +-----+-----+-----+-----+---------+
    |    2|  374|    2|  374|   none  |
    +-----+-----+-----+-----+---------+

    + Detail: 
        * Instance: 
        N/A

        * Loop: 
        +-----------------------------+-----+-----+----------+-----------+-----------+---------+----------+
        |                             |  Latency  | Iteration|  Initiation Interval  |   Trip  |          |
        |          Loop Name          | min | max |  Latency |  achieved |   target  |  Count  | Pipelined|
        +-----------------------------+-----+-----+----------+-----------+-----------+---------+----------+
        |- STREAM_LOOP_DECIMATE_LOOP  |    0|  372|         2|          1|          1| 0 ~ 372 |    yes   |
        +-----------------------------+-----+-----+----------+-----------+-----------+---------+----------+



================================================================
== Utilization Estimates
================================================================
* Summary: 
+-----------------+---------+-------+--------+--------+
|       Name      | BRAM_18K| DSP48E|   FF   |   LUT  |
+-----------------+---------+-------+--------+--------+
|DSP              |        -|      -|       -|       -|
|Expression       |        -|      -|       0|      98|
|FIFO             |        -|      -|       -|       -|
|Instance         |        -|      -|       -|       -|
|Memory           |        -|      -|       -|       -|
|Multiplexer      |        -|      -|       -|      54|
|Register         |        -|      -|      72|       -|
+-----------------+---------+-------+--------+--------+
|Total            |        0|      0|      72|     152|
+-----------------+---------+-------+--------+--------+
|Available        |      650|    600|  202800|  101400|
+-----------------+---------+-------+--------+--------+
|Utilization (%)  |        0|      0|   ~0   |   ~0   |
+-----------------+---------+-------+--------+--------+

+ Detail: 
    * Instance: 
    N/A

    * DSP48: 
    N/A

    * Memory: 
    N/A

    * FIFO: 
    N/A

    * Expression: 
    +-------------------------------+----------+-------+---+----+------------+------------+
    |         Variable Name         | Operation| DSP48E| FF| LUT| Bitwidth P0| Bitwidth P1|
    +-------------------------------+----------+-------+---+----+------------+------------+
    |acc_fu_217_p2                  |     +    |      0|  0|  34|          34|          34|
    |indvar_flatten_next_fu_174_p2  |     +    |      0|  0|  14|          14|           1|
    |j_fu_200_p2                    |     +    |      0|  0|   3|           3|           1|
    |exitcond_flatten_fu_169_p2     |   icmp   |      0|  0|   5|          14|          14|
    |tmp_3_i3_fu_180_p2             |   icmp   |      0|  0|   2|           3|           4|
    |tmp_5_i_fu_194_p2              |   icmp   |      0|  0|   2|           3|           2|
    |ap_condition_74                |    or    |      0|  0|   1|           1|           1|
    |acc_i_mid2_fu_206_p3           |  select  |      0|  0|  34|           1|           1|
    |j_i_mid2_fu_186_p3             |  select  |      0|  0|   3|           1|           1|
    +-------------------------------+----------+-------+---+----+------------+------------+
    |Total                          |          |      0|  0|  98|          74|          59|
    +-------------------------------+----------+-------+---+----+------------+------------+

    * Multiplexer: 
    +------------------------+----+-----------+-----+-----------+
    |          Name          | LUT| Input Size| Bits| Total Bits|
    +------------------------+----+-----------+-----+-----------+
    |acc_i_reg_139           |  34|          2|   34|         68|
    |ap_NS_fsm               |   1|          4|    1|          4|
    |indvar_flatten_reg_117  |  14|          2|   14|         28|
    |j_i_reg_128             |   3|          2|    3|          6|
    |strm_in_V_blk_n         |   1|          2|    1|          2|
    |strm_out_V_blk_n        |   1|          2|    1|          2|
    +------------------------+----+-----------+-----+-----------+
    |Total                   |  54|         14|   54|        110|
    +------------------------+----+-----------+-----+-----------+

    * Register: 
    +--------------------------+----+----+-----+-----------+
    |           Name           | FF | LUT| Bits| Const Bits|
    +--------------------------+----+----+-----+-----------+
    |acc_i_reg_139             |  34|   0|   34|          0|
    |ap_CS_fsm                 |   3|   0|    3|          0|
    |ap_done_reg               |   1|   0|    1|          0|
    |ap_enable_reg_pp0_iter0   |   1|   0|    1|          0|
    |ap_enable_reg_pp0_iter1   |   1|   0|    1|          0|
    |exitcond_flatten_reg_239  |   1|   0|    1|          0|
    |indvar_flatten_reg_117    |  14|   0|   14|          0|
    |j_i_reg_128               |   3|   0|    3|          0|
    |tmp_3_i3_reg_248          |   1|   0|    1|          0|
    |tmp_5_i_reg_253           |   1|   0|    1|          0|
    |tmp_8_reg_234             |  12|   0|   14|          2|
    +--------------------------+----+----+-----+-----------+
    |Total                     |  72|   0|   74|          2|
    +--------------------------+----+----+-----+-----------+



================================================================
== Interface
================================================================
* Summary: 
+-------------------+-----+-----+------------+---------------+--------------+
|     RTL Ports     | Dir | Bits|  Protocol  | Source Object |    C Type    |
+-------------------+-----+-----+------------+---------------+--------------+
|ap_clk             |  in |    1| ap_ctrl_hs | decimate_strm | return value |
|ap_rst             |  in |    1| ap_ctrl_hs | decimate_strm | return value |
|ap_start           |  in |    1| ap_ctrl_hs | decimate_strm | return value |
|ap_done            | out |    1| ap_ctrl_hs | decimate_strm | return value |
|ap_continue        |  in |    1| ap_ctrl_hs | decimate_strm | return value |
|ap_idle            | out |    1| ap_ctrl_hs | decimate_strm | return value |
|ap_ready           | out |    1| ap_ctrl_hs | decimate_strm | return value |
|strm_out_V_din     | out |   32|   ap_fifo  |   strm_out_V  |    pointer   |
|strm_out_V_full_n  |  in |    1|   ap_fifo  |   strm_out_V  |    pointer   |
|strm_out_V_write   | out |    1|   ap_fifo  |   strm_out_V  |    pointer   |
|strm_in_V_dout     |  in |   32|   ap_fifo  |   strm_in_V   |    pointer   |
|strm_in_V_empty_n  |  in |    1|   ap_fifo  |   strm_in_V   |    pointer   |
|strm_in_V_read     | out |    1|   ap_fifo  |   strm_in_V   |    pointer   |
|strm_len           |  in |   14|   ap_none  |    strm_len   |    scalar    |
+-------------------+-----+-----+------------+---------------+--------------+

