

================================================================
== Vivado HLS Report for 'strm_bytes2words'
================================================================
* Date:           Sun Dec 24 20:03:13 2017

* Version:        2016.4 (Build 1733598 on Wed Dec 14 22:59:20 MST 2016)
* Project:        proj_hls_stream
* Solution:       solution1
* Product family: kintex7
* Target device:  xc7k160tfbg484-1


================================================================
== Performance Estimates
================================================================
+ Timing (ns): 
    * Summary: 
    +--------+-------+----------+------------+
    |  Clock | Target| Estimated| Uncertainty|
    +--------+-------+----------+------------+
    |ap_clk  |   5.00|      1.55|        0.62|
    +--------+-------+----------+------------+

+ Latency (clock cycles): 
    * Summary: 
    +-----+------+-----+------+---------+
    |   Latency  |  Interval  | Pipeline|
    | min |  max | min |  max |   Type  |
    +-----+------+-----+------+---------+
    |    1|  2977|    1|  2977|   none  |
    +-----+------+-----+------+---------+

    + Detail: 
        * Instance: 
        N/A

        * Loop: 
        +--------------------+-----+------+----------+-----------+-----------+----------+----------+
        |                    |   Latency  | Iteration|  Initiation Interval  |   Trip   |          |
        |      Loop Name     | min |  max |  Latency |  achieved |   target  |   Count  | Pipelined|
        +--------------------+-----+------+----------+-----------+-----------+----------+----------+
        |- BYTES2WORDS_LOOP  |    0|  2976|         2|          -|          -| 0 ~ 1488 |    no    |
        +--------------------+-----+------+----------+-----------+-----------+----------+----------+



================================================================
== Utilization Estimates
================================================================
* Summary: 
+-----------------+---------+-------+--------+--------+
|       Name      | BRAM_18K| DSP48E|   FF   |   LUT  |
+-----------------+---------+-------+--------+--------+
|DSP              |        -|      -|       -|       -|
|Expression       |        -|      -|       0|      28|
|FIFO             |        -|      -|       -|       -|
|Instance         |        -|      -|       -|       -|
|Memory           |        -|      -|       -|       -|
|Multiplexer      |        -|      -|       -|      54|
|Register         |        -|      -|      97|       -|
+-----------------+---------+-------+--------+--------+
|Total            |        0|      0|      97|      82|
+-----------------+---------+-------+--------+--------+
|Available        |      650|    600|  202800|  101400|
+-----------------+---------+-------+--------+--------+
|Utilization (%)  |        0|      0|   ~0   |   ~0   |
+-----------------+---------+-------+--------+--------+

+ Detail: 
    * Instance: 
    N/A

    * DSP48: 
    N/A

    * Memory: 
    N/A

    * FIFO: 
    N/A

    * Expression: 
    +-----------------------------+----------+-------+---+----+------------+------------+
    |        Variable Name        | Operation| DSP48E| FF| LUT| Bitwidth P0| Bitwidth P1|
    +-----------------------------+----------+-------+---+----+------------+------------+
    |i_fu_137_p2                  |     +    |      0|  0|  16|           1|          16|
    |bytes_in_V_0_load_A          |    and   |      0|  0|   1|           1|           1|
    |bytes_in_V_0_load_B          |    and   |      0|  0|   1|           1|           1|
    |bytes_in_V_0_state_cmp_full  |   icmp   |      0|  0|   1|           2|           1|
    |exitcond_i_fu_132_p2         |   icmp   |      0|  0|   6|          16|          16|
    |tmp_1_i_fu_143_p2            |   icmp   |      0|  0|   1|           2|           2|
    |ap_condition_123             |    or    |      0|  0|   1|           1|           1|
    |ap_condition_145             |    or    |      0|  0|   1|           1|           1|
    +-----------------------------+----------+-------+---+----+------------+------------+
    |Total                        |          |      0|  0|  28|          25|          39|
    +-----------------------------+----------+-------+---+----+------------+------------+

    * Multiplexer: 
    +------------------------+----+-----------+-----+-----------+
    |          Name          | LUT| Input Size| Bits| Total Bits|
    +------------------------+----+-----------+-----+-----------+
    |ap_NS_fsm               |   1|          4|    1|          4|
    |bytes_in_V_0_data_out   |   8|          2|    8|         16|
    |bytes_in_V_0_state      |   2|          3|    2|          6|
    |bytes_in_V_TDATA_blk_n  |   1|          2|    1|          2|
    |bytestrm_len_blk_n      |   1|          2|    1|          2|
    |i_i_reg_117             |  16|          2|   16|         32|
    |r_V_reg_105             |  24|          2|   24|         48|
    |words_out_V_blk_n       |   1|          2|    1|          2|
    +------------------------+----+-----------+-----+-----------+
    |Total                   |  54|         19|   54|        112|
    +------------------------+----+-----------+-----+-----------+

    * Register: 
    +---------------------------+----+----+-----+-----------+
    |            Name           | FF | LUT| Bits| Const Bits|
    +---------------------------+----+----+-----+-----------+
    |ap_CS_fsm                  |   3|   0|    3|          0|
    |ap_done_reg                |   1|   0|    1|          0|
    |bytes_in_V_0_payload_A     |   8|   0|    8|          0|
    |bytes_in_V_0_payload_B     |   8|   0|    8|          0|
    |bytes_in_V_0_sel_rd        |   1|   0|    1|          0|
    |bytes_in_V_0_sel_wr        |   1|   0|    1|          0|
    |bytes_in_V_0_state         |   2|   0|    2|          0|
    |bytestrm_len_read_reg_176  |  16|   0|   16|          0|
    |i_i_reg_117                |  16|   0|   16|          0|
    |i_reg_184                  |  16|   0|   16|          0|
    |r_V_reg_105                |  24|   0|   24|          0|
    |tmp_1_i_reg_189            |   1|   0|    1|          0|
    +---------------------------+----+----+-----+-----------+
    |Total                      |  97|   0|   97|          0|
    +---------------------------+----+----+-----+-----------+



================================================================
== Interface
================================================================
* Summary: 
+----------------------+-----+-----+------------+------------------+--------------+
|       RTL Ports      | Dir | Bits|  Protocol  |   Source Object  |    C Type    |
+----------------------+-----+-----+------------+------------------+--------------+
|ap_clk                |  in |    1| ap_ctrl_hs | strm_bytes2words | return value |
|ap_rst                |  in |    1| ap_ctrl_hs | strm_bytes2words | return value |
|ap_start              |  in |    1| ap_ctrl_hs | strm_bytes2words | return value |
|ap_done               | out |    1| ap_ctrl_hs | strm_bytes2words | return value |
|ap_continue           |  in |    1| ap_ctrl_hs | strm_bytes2words | return value |
|ap_idle               | out |    1| ap_ctrl_hs | strm_bytes2words | return value |
|ap_ready              | out |    1| ap_ctrl_hs | strm_bytes2words | return value |
|words_out_V_din       | out |   32|   ap_fifo  |    words_out_V   |    pointer   |
|words_out_V_full_n    |  in |    1|   ap_fifo  |    words_out_V   |    pointer   |
|words_out_V_write     | out |    1|   ap_fifo  |    words_out_V   |    pointer   |
|bytes_in_V_TDATA      |  in |    8|    axis    |    bytes_in_V    |    pointer   |
|bytes_in_V_TVALID     |  in |    1|    axis    |    bytes_in_V    |    pointer   |
|bytes_in_V_TREADY     | out |    1|    axis    |    bytes_in_V    |    pointer   |
|bytestrm_len_dout     |  in |   16|   ap_fifo  |   bytestrm_len   |    pointer   |
|bytestrm_len_empty_n  |  in |    1|   ap_fifo  |   bytestrm_len   |    pointer   |
|bytestrm_len_read     | out |    1|   ap_fifo  |   bytestrm_len   |    pointer   |
+----------------------+-----+-----+------------+------------------+--------------+

